1|SUPPRESSION|DUMMY_INIT|Dummy init|org.apache.commons.compress.archivers.ArchiveStreamFactory@detect(java.io.InputStream)|497|19206|ANY
1|SUPPRESSION|DUMMY_INIT|Dummy init|org.apache.commons.compress.archivers.arj.ArjArchiveInputStream@readHeader()|132|5156|ANY
1|SUPPRESSION|DUMMY_INIT|Dummy init|org.apache.commons.compress.archivers.cpio.CpioUtil@byteArray2long(byte[],boolean)|51|1703|ANY
1|SUPPRESSION|DUMMY_INIT|Dummy init|org.apache.commons.compress.archivers.cpio.CpioUtil@byteArray2long(byte[],boolean)|52|1725|ANY
1|SUPPRESSION|DUMMY_INIT|Dummy init|org.apache.commons.compress.archivers.cpio.CpioUtil@byteArray2long(byte[],boolean)|57|1906|ANY
1|SUPPRESSION|DUMMY_INIT|Dummy init|org.apache.commons.compress.archivers.cpio.CpioUtil@long2byteArray(long,int,boolean)|90|2995|ANY
1|SUPPRESSION|DUMMY_INIT|Dummy init|org.apache.commons.compress.archivers.cpio.CpioUtil@long2byteArray(long,int,boolean)|91|3016|ANY
1|SUPPRESSION|DUMMY_INIT|Dummy init|org.apache.commons.compress.archivers.cpio.CpioUtil@long2byteArray(long,int,boolean)|104|3361|ANY
1|SUPPRESSION|DUMMY_INIT|Dummy init|org.apache.commons.compress.archivers.dump.DumpArchiveInputStream@readDirectoryEntry(org.apache.commons.compress.archivers.dump.DumpArchiveEntry)|351|11256|ANY
1|SUPPRESSION|DUMMY_INIT|Dummy init|org.apache.commons.compress.archivers.dump.TapeInputStream@read(byte[],int,int)|137|4337|ANY
1|SUPPRESSION|DUMMY_INIT|Dummy init|org.apache.commons.compress.archivers.dump.TapeInputStream@skip(long)|188|5939|ANY
377|SUPPRESSION|LOOP_BOUNDS|Loop bounds check|org.apache.commons.compress.archivers.zip.ZipArchiveInputStream@checksig(byte[],byte[])|617|23390|!=(int,int)
984|SUPPRESSION|DUMMY_INIT|Dummy init|org.apache.commons.compress.archivers.tar.TarArchiveInputStream@getLongNameData()|358|11912|ANY
984|SUPPRESSION|DUMMY_INIT|Dummy init|org.apache.commons.compress.archivers.tar.TarArchiveInputStream@read(byte[],int,int)|596|20686|ANY
984|SUPPRESSION|DUMMY_INIT|Dummy init|org.apache.commons.compress.utils.BitInputStream@processBitsGreater57(int)|139|4760|ANY
984|SUPPRESSION|DUMMY_INIT|Dummy init|org.apache.commons.compress.utils.BitInputStream@processBitsGreater57(int)|140|4790|ANY
984|SUPPRESSION|DUMMY_INIT|Dummy init|org.apache.commons.compress.compressors.CompressorStreamFactory@detect(java.io.InputStream)|477|17276|ANY
984|SUPPRESSION|DUMMY_INIT|Dummy init|org.apache.commons.compress.compressors.bzip2.BZip2CompressorOutputStream@hbMakeCodeLengths(byte[],int[],org.apache.commons.compress.compressors.bzip2.BZip2CompressorOutputStream.Data,int,int)|184|5395|ANY
984|SUPPRESSION|DEADCODE_IF_TRUE_FALSE|Dead code: if true/false|org.apache.commons.compress.compressors.bzip2.BlockSort|122|4474|ANY
984|SUPPRESSION|DUMMY_INIT|Dummy init|org.apache.commons.compress.utils.IOUtils@copy(java.io.InputStream,java.io.OutputStream,int)|78|2720|ANY
984|SUPPRESSION|DUMMY_INIT|Dummy init|org.apache.commons.compress.utils.IOUtils@readFully(java.io.InputStream,byte[],int,int)|161|5689|ANY
984|SUPPRESSION|DUMMY_INIT|Dummy init|org.apache.commons.compress.compressors.gzip.GzipCompressorInputStream@readToNull(java.io.DataInput)|240|8949|ANY
984|SUPPRESSION|DUMMY_INIT|Dummy init|org.apache.commons.compress.compressors.lz4.BlockLZ4CompressorInputStream@initializeBackReference()|125|4392|ANY
984|SUPPRESSION|DUMMY_INIT|Dummy init|org.apache.commons.compress.compressors.snappy.SnappyCompressorInputStream@fill()|130|4430|ANY
984|SUPPRESSION|DUMMY_INIT|Dummy init|org.apache.commons.compress.compressors.snappy.SnappyCompressorInputStream@fill()|131|4454|ANY
984|SUPPRESSION|DUMMY_INIT|Dummy init|org.apache.commons.compress.compressors.snappy.SnappyCompressorInputStream@readSize()|261|8955|ANY
984|SUPPRESSION|DUMMY_INIT|Dummy init|org.apache.commons.compress.compressors.snappy.SnappyCompressorOutputStream@writeUncompressedSize(long)|150|5907|ANY
